🌐 UI available at http://127.0.0libbpf: elf: failed to open src/ebpf/net_flow.bpf.o: -ENOENT
.1:8080/
[ebpf/net] open failed for src/ebpf/net_flow.bpf.o: Internal error: bpf call "libbpf_rs::object::ObjectBuilder::open_file<&alloc::string::String>::{{closure}}" returned NULL
libbpf: elf: failed to open src/ebpf/file_access_monitor.bpf.o: -ENOENT
⛔ file_access_reader disabled: Internal error: bpf call "libbpf_rs::object::ObjectBuilder::open_file<&str>::{{closure}}" returned NULL
📊 metrics: events_in=0 alerts_out=0
[🛡 TrustEvent] Module=Some("user_tracker") | Component=user_tracker | SignalType=Some("auth") | Signal=Some("user_login_detected") | Risk=2.00 | Score=Some(2.0) | Raw=Some(2.0) | Tags=Some(["user", "login", "tty2", "tty"])
  └── Description     : Some("User 'jermaineb' logged in via terminal 'tty2' (suspicious: false)")
  └── Anomaly Type    : user_logged_in
  └── Source Module   : user_tracker
  └── Timestamp       : 1756841093
  └── PID/PPID/UID    : 1610/1/1000
  └── Binary          : /usr/bin/who
  └── Command Line    : who → jermaineb
  └── CWD             : /
  └── Metadata        : {
    "session_age_seconds": "452573",
    "suspicious_tty": "false",
    "session_id": "497738975372251578",
    "ppid": "1",
    "uid": "1000",
    "username": "jermaineb",
    "features": "[0.1, 452573.0, 2.0]",
    "timestamp": "1756841093",
    "login_time": "1756388520",
    "source": "get_logged_in_users",
    "pid": "1610",
    "terminal": "tty2",
    "host": "tty2",
    "replay_tag": "user_login",
}
📝 Telemetry record: {"session_age_seconds": "452573", "suspicious_tty": "false", "session_id": "497738975372251578", "ppid": "1", "uid": "1000", "username": "jermaineb", "features": "[0.1, 452573.0, 2.0]", "timestamp": "1756841093", "login_time": "1756388520", "source": "get_logged_in_users", "pid": "1610", "terminal": "tty2", "host": "tty2", "replay_tag": "user_login"}
[🛡 TrustEvent] Module=Some("user_tracker") | Component=user_tracker | SignalType=Some("auth") | Signal=Some("user_login_detected") | Risk=2.00 | Score=Some(2.0) | Raw=Some(2.0) | Tags=Some(["user", "login", "pts/4", "tty"])
  └── Description     : Some("User 'jermaineb' logged in via terminal 'pts/4' (suspicious: false)")
  └── Anomaly Type    : user_logged_in
  └── Source Module   : user_tracker
  └── Timestamp       : 1756841094
  └── PID/PPID/UID    : 1610/1/1000
  └── Binary          : /usr/bin/who
  └── Command Line    : who → jermaineb
  └── CWD             : /
  └── Metadata        : {
    "ppid": "1",
    "features": "[0.1, 320994.0, 2.0]",
    "suspicious_tty": "false",
    "uid": "1000",
    "login_time": "1756520100",
    "terminal": "pts/4",
    "session_id": "16839674196718505120",
    "source": "get_logged_in_users",
    "host": "localhost",
    "pid": "1610",
    "replay_tag": "user_login",
    "session_age_seconds": "320994",
    "username": "jermaineb",
    "timestamp": "1756841094",
}
📝 Telemetry record: {"ppid": "1", "features": "[0.1, 320994.0, 2.0]", "suspicious_tty": "false", "uid": "1000", "login_time": "1756520100", "terminal": "pts/4", "session_id": "16839674196718505120", "source": "get_logged_in_users", "host": "localhost", "pid": "1610", "replay_tag": "user_login", "session_age_seconds": "320994", "username": "jermaineb", "timestamp": "1756841094"}
[🛡 TrustEvent] Module=Some("user_tracker") | Component=user_tracker | SignalType=Some("auth") | Signal=Some("user_login_detected") | Risk=2.00 | Score=Some(2.0) | Raw=Some(2.0) | Tags=Some(["user", "login", "pts/6", "tty"])
  └── Description     : Some("User 'jermaineb' logged in via terminal 'pts/6' (suspicious: false)")
  └── Anomaly Type    : user_logged_in
  └── Source Module   : user_tracker
  └── Timestamp       : 1756841094
  └── PID/PPID/UID    : 1610/1/1000
  └── Binary          : /usr/bin/who
  └── Command Line    : who → jermaineb
  └── CWD             : /
  └── Metadata        : {
    "session_id": "7871420263988052424",
    "session_age_seconds": "54",
    "timestamp": "1756841094",
    "suspicious_tty": "false",
    "features": "[0.1, 54.0, 2.0]",
    "pid": "1610",
    "username": "jermaineb",
    "terminal": "pts/6",
    "login_time": "1756841040",
    "source": "get_logged_in_users",
    "host": "localhost",
    "replay_tag": "user_login",
    "uid": "1000",
    "ppid": "1",
}
📝 Telemetry record: {"session_id": "7871420263988052424", "session_age_seconds": "54", "timestamp": "1756841094", "suspicious_tty": "false", "features": "[0.1, 54.0, 2.0]", "pid": "1610", "username": "jermaineb", "terminal": "pts/6", "login_time": "1756841040", "source": "get_logged_in_users", "host": "localhost", "replay_tag": "user_login", "uid": "1000", "ppid": "1"}
[🛡 TrustEvent] Module=Some("user_tracker") | Component=user_tracker | SignalType=Some("auth") | Signal=Some("user_login_detected") | Risk=2.00 | Score=Some(2.0) | Raw=Some(2.0) | Tags=Some(["user", "login", "pts/8", "tty"])
  └── Description     : Some("User 'jermaineb' logged in via terminal 'pts/8' (suspicious: false)")
  └── Anomaly Type    : user_logged_in
  └── Source Module   : user_tracker
  └── Timestamp       : 1756841094
  └── PID/PPID/UID    : 1610/1/1000
  └── Binary          : /usr/bin/who
  └── Command Line    : who → jermaineb
  └── CWD             : /
  └── Metadata        : {
    "pid": "1610",
    "session_age_seconds": "223794",
    "features": "[0.1, 223794.0, 2.0]",
    "uid": "1000",
    "username": "jermaineb",
    "terminal": "pts/8",
    "ppid": "1",
    "source": "get_logged_in_users",
    "suspicious_tty": "false",
    "timestamp": "1756841094",
    "host": "localhost",
    "replay_tag": "user_login",
    "session_id": "4402201511732808120",
    "login_time": "1756617300",
}
📝 Telemetry record: {"pid": "1610", "session_age_seconds": "223794", "features": "[0.1, 223794.0, 2.0]", "uid": "1000", "username": "jermaineb", "terminal": "pts/8", "ppid": "1", "source": "get_logged_in_users", "suspicious_tty": "false", "timestamp": "1756841094", "host": "localhost", "replay_tag": "user_login", "session_id": "4402201511732808120", "login_time": "1756617300"}
[🛡 TrustEvent] Module=Some("user_tracker") | Component=user_tracker | SignalType=Some("auth") | Signal=Some("user_login_detected") | Risk=2.00 | Score=Some(2.0) | Raw=Some(2.0) | Tags=Some(["user", "login", "pts/9", "tty"])
  └── Description     : Some("User 'jermaineb' logged in via terminal 'pts/9' (suspicious: false)")
  └── Anomaly Type    : user_logged_in
  └── Source Module   : user_tracker
  └── Timestamp       : 1756841095
  └── PID/PPID/UID    : 1610/1/1000
  └── Binary          : /usr/bin/who
  └── Command Line    : who → jermaineb
  └── CWD             : /
  └── Metadata        : {
    "timestamp": "1756841095",
    "replay_tag": "user_login",
    "session_age_seconds": "223795",
    "features": "[0.1, 223795.0, 2.0]",
    "session_id": "688546929687474038",
    "login_time": "1756617300",
    "ppid": "1",
    "source": "get_logged_in_users",
    "suspicious_tty": "false",
    "terminal": "pts/9",
    "username": "jermaineb",
    "host": "localhost",
    "uid": "1000",
    "pid": "1610",
}
📝 Telemetry record: {"timestamp": "1756841095", "replay_tag": "user_login", "session_age_seconds": "223795", "features": "[0.1, 223795.0, 2.0]", "session_id": "688546929687474038", "login_time": "1756617300", "ppid": "1", "source": "get_logged_in_users", "suspicious_tty": "false", "terminal": "pts/9", "username": "jermaineb", "host": "localhost", "uid": "1000", "pid": "1610"}
[🛡 TrustEvent] Module=Some("user_tracker") | Component=user_tracker | SignalType=Some("auth") | Signal=Some("user_login_detected") | Risk=2.00 | Score=Some(2.0) | Raw=Some(2.0) | Tags=Some(["user", "login", "pts/10", "tty"])
  └── Description     : Some("User 'jermaineb' logged in via terminal 'pts/10' (suspicious: false)")
  └── Anomaly Type    : user_logged_in
  └── Source Module   : user_tracker
  └── Timestamp       : 1756841095
  └── PID/PPID/UID    : 1610/1/1000
  └── Binary          : /usr/bin/who
  └── Command Line    : who → jermaineb
  └── CWD             : /
  └── Metadata        : {
    "session_id": "1456051265324265845",
    "terminal": "pts/10",
    "source": "get_logged_in_users",
    "pid": "1610",
    "host": "localhost",
    "replay_tag": "user_login",
    "session_age_seconds": "223795",
    "timestamp": "1756841095",
    "suspicious_tty": "false",
    "features": "[0.1, 223795.0, 2.0]",
    "login_time": "1756617300",
    "ppid": "1",
    "username": "jermaineb",
    "uid": "1000",
}
📝 Telemetry record: {"session_id": "1456051265324265845", "terminal": "pts/10", "source": "get_logged_in_users", "pid": "1610", "host": "localhost", "replay_tag": "user_login", "session_age_seconds": "223795", "timestamp": "1756841095", "suspicious_tty": "false", "features": "[0.1, 223795.0, 2.0]", "login_time": "1756617300", "ppid": "1", "username": "jermaineb", "uid": "1000"}
[🛡 TrustEvent] Module=Some("user_tracker") | Component=user_tracker | SignalType=Some("auth") | Signal=Some("user_login_detected") | Risk=2.00 | Score=Some(2.0) | Raw=Some(2.0) | Tags=Some(["user", "login", "pts/11", "tty"])
  └── Description     : Some("User 'jermaineb' logged in via terminal 'pts/11' (suspicious: false)")
  └── Anomaly Type    : user_logged_in
  └── Source Module   : user_tracker
  └── Timestamp       : 1756841096
  └── PID/PPID/UID    : 1610/1/1000
  └── Binary          : /usr/bin/who
  └── Command Line    : who → jermaineb
  └── CWD             : /
  └── Metadata        : {
    "features": "[0.1, 223796.0, 2.0]",
    "username": "jermaineb",
    "host": "localhost",
    "login_time": "1756617300",
    "timestamp": "1756841096",
    "uid": "1000",
    "terminal": "pts/11",
    "pid": "1610",
    "ppid": "1",
    "replay_tag": "user_login",
    "source": "get_logged_in_users",
    "session_id": "12284490404381675785",
    "session_age_seconds": "223796",
    "suspicious_tty": "false",
}
📝 Telemetry record: {"features": "[0.1, 223796.0, 2.0]", "username": "jermaineb", "host": "localhost", "login_time": "1756617300", "timestamp": "1756841096", "uid": "1000", "terminal": "pts/11", "pid": "1610", "ppid": "1", "replay_tag": "user_login", "source": "get_logged_in_users", "session_id": "12284490404381675785", "session_age_seconds": "223796", "suspicious_tty": "false"}
[🛡 TrustEvent] Module=Some("user_tracker") | Component=user_tracker | SignalType=Some("auth") | Signal=Some("user_login_detected") | Risk=2.00 | Score=Some(2.0) | Raw=Some(2.0) | Tags=Some(["user", "login", "pts/12", "tty"])
  └── Description     : Some("User 'jermaineb' logged in via terminal 'pts/12' (suspicious: false)")
  └── Anomaly Type    : user_logged_in
  └── Source Module   : user_tracker
  └── Timestamp       : 1756841096
  └── PID/PPID/UID    : 1610/1/1000
  └── Binary          : /usr/bin/who
  └── Command Line    : who → jermaineb
  └── CWD             : /
  └── Metadata        : {
    "username": "jermaineb",
    "terminal": "pts/12",
    "source": "get_logged_in_users",
    "session_id": "5208222406019331321",
    "host": "localhost",
    "uid": "1000",
    "timestamp": "1756841096",
    "login_time": "1756617300",
    "session_age_seconds": "223796",
    "suspicious_tty": "false",
    "features": "[0.1, 223796.0, 2.0]",
    "replay_tag": "user_login",
    "pid": "1610",
    "ppid": "1",
}
📝 Telemetry record: {"username": "jermaineb", "terminal": "pts/12", "source": "get_logged_in_users", "session_id": "5208222406019331321", "host": "localhost", "uid": "1000", "timestamp": "1756841096", "login_time": "1756617300", "session_age_seconds": "223796", "suspicious_tty": "false", "features": "[0.1, 223796.0, 2.0]", "replay_tag": "user_login", "pid": "1610", "ppid": "1"}
[🛡 TrustEvent] Module=Some("user_tracker") | Component=user_tracker | SignalType=Some("auth") | Signal=Some("user_login_detected") | Risk=2.00 | Score=Some(2.0) | Raw=Some(2.0) | Tags=Some(["user", "login", "pts/13", "tty"])
  └── Description     : Some("User 'jermaineb' logged in via terminal 'pts/13' (suspicious: false)")
  └── Anomaly Type    : user_logged_in
  └── Source Module   : user_tracker
  └── Timestamp       : 1756841096
  └── PID/PPID/UID    : 1610/1/1000
  └── Binary          : /usr/bin/who
  └── Command Line    : who → jermaineb
  └── CWD             : /
  └── Metadata        : {
    "host": "localhost",
    "terminal": "pts/13",
    "uid": "1000",
    "replay_tag": "user_login",
    "features": "[0.1, 223796.0, 2.0]",
    "ppid": "1",
    "source": "get_logged_in_users",
    "username": "jermaineb",
    "session_id": "15430550526116631327",
    "session_age_seconds": "223796",
    "timestamp": "1756841096",
    "suspicious_tty": "false",
    "pid": "1610",
    "login_time": "1756617300",
}
📝 Telemetry record: {"host": "localhost", "terminal": "pts/13", "uid": "1000", "replay_tag": "user_login", "features": "[0.1, 223796.0, 2.0]", "ppid": "1", "source": "get_logged_in_users", "username": "jermaineb", "session_id": "15430550526116631327", "session_age_seconds": "223796", "timestamp": "1756841096", "suspicious_tty": "false", "pid": "1610", "login_time": "1756617300"}
[🛡 TrustEvent] Module=Some("user_tracker") | Component=user_tracker | SignalType=Some("auth") | Signal=Some("user_login_detected") | Risk=2.00 | Score=Some(2.0) | Raw=Some(2.0) | Tags=Some(["user", "login", "pts/14", "tty"])
  └── Description     : Some("User 'jermaineb' logged in via terminal 'pts/14' (suspicious: false)")
  └── Anomaly Type    : user_logged_in
  └── Source Module   : user_tracker
  └── Timestamp       : 1756841097
  └── PID/PPID/UID    : 1610/1/1000
  └── Binary          : /usr/bin/who
  └── Command Line    : who → jermaineb
  └── CWD             : /
  └── Metadata        : {
    "session_id": "7342681619502421933",
    "terminal": "pts/14",
    "source": "get_logged_in_users",
    "replay_tag": "user_login",
    "features": "[0.1, 223797.0, 2.0]",
    "suspicious_tty": "false",
    "pid": "1610",
    "login_time": "1756617300",
    "timestamp": "1756841097",
    "username": "jermaineb",
    "ppid": "1",
    "uid": "1000",
    "session_age_seconds": "223797",
    "host": "localhost",
}
📝 Telemetry record: {"session_id": "7342681619502421933", "terminal": "pts/14", "source": "get_logged_in_users", "replay_tag": "user_login", "features": "[0.1, 223797.0, 2.0]", "suspicious_tty": "false", "pid": "1610", "login_time": "1756617300", "timestamp": "1756841097", "username": "jermaineb", "ppid": "1", "uid": "1000", "session_age_seconds": "223797", "host": "localhost"}
[🛡 TrustEvent] Module=Some("user_tracker") | Component=user_tracker | SignalType=Some("auth") | Signal=Some("user_login_detected") | Risk=2.00 | Score=Some(2.0) | Raw=Some(2.0) | Tags=Some(["user", "login", "pts/15", "tty"])
  └── Description     : Some("User 'jermaineb' logged in via terminal 'pts/15' (suspicious: false)")
  └── Anomaly Type    : user_logged_in
  └── Source Module   : user_tracker
  └── Timestamp       : 1756841097
  └── PID/PPID/UID    : 1610/1/1000
  └── Binary          : /usr/bin/who
  └── Command Line    : who → jermaineb
  └── CWD             : /
  └── Metadata        : {
    "username": "jermaineb",
    "source": "get_logged_in_users",
    "session_age_seconds": "223797",
    "host": "localhost",
    "ppid": "1",
    "replay_tag": "user_login",
    "uid": "1000",
    "suspicious_tty": "false",
    "terminal": "pts/15",
    "pid": "1610",
    "login_time": "1756617300",
    "timestamp": "1756841097",
    "session_id": "274537478316978624",
    "features": "[0.1, 223797.0, 2.0]",
}
📝 Telemetry record: {"username": "jermaineb", "source": "get_logged_in_users", "session_age_seconds": "223797", "host": "localhost", "ppid": "1", "replay_tag": "user_login", "uid": "1000", "suspicious_tty": "false", "terminal": "pts/15", "pid": "1610", "login_time": "1756617300", "timestamp": "1756841097", "session_id": "274537478316978624", "features": "[0.1, 223797.0, 2.0]"}
[🛡 TrustEvent] Module=Some("user_tracker") | Component=user_tracker | SignalType=Some("auth") | Signal=Some("user_login_detected") | Risk=2.00 | Score=Some(2.0) | Raw=Some(2.0) | Tags=Some(["user", "login", "pts/16", "tty"])
  └── Description     : Some("User 'jermaineb' logged in via terminal 'pts/16' (suspicious: false)")
  └── Anomaly Type    : user_logged_in
  └── Source Module   : user_tracker
  └── Timestamp       : 1756841098
  └── PID/PPID/UID    : 1610/1/1000
  └── Binary          : /usr/bin/who
  └── Command Line    : who → jermaineb
  └── CWD             : /
  └── Metadata        : {
    "login_time": "1756617300",
    "ppid": "1",
    "username": "jermaineb",
    "uid": "1000",
    "pid": "1610",
    "features": "[0.1, 223798.0, 2.0]",
    "source": "get_logged_in_users",
    "session_id": "1440183191748031157",
    "host": "localhost",
    "timestamp": "1756841098",
    "terminal": "pts/16",
    "replay_tag": "user_login",
    "session_age_seconds": "223798",
    "suspicious_tty": "false",
}
📝 Telemetry record: {"login_time": "1756617300", "ppid": "1", "username": "jermaineb", "uid": "1000", "pid": "1610", "features": "[0.1, 223798.0, 2.0]", "source": "get_logged_in_users", "session_id": "1440183191748031157", "host": "localhost", "timestamp": "1756841098", "terminal": "pts/16", "replay_tag": "user_login", "session_age_seconds": "223798", "suspicious_tty": "false"}
[🛡 TrustEvent] Module=Some("user_tracker") | Component=user_tracker | SignalType=Some("auth") | Signal=Some("user_login_detected") | Risk=2.00 | Score=Some(2.0) | Raw=Some(2.0) | Tags=Some(["user", "login", "pts/17", "tty"])
  └── Description     : Some("User 'jermaineb' logged in via terminal 'pts/17' (suspicious: false)")
  └── Anomaly Type    : user_logged_in
  └── Source Module   : user_tracker
  └── Timestamp       : 1756841098
  └── PID/PPID/UID    : 1610/1/1000
  └── Binary          : /usr/bin/who
  └── Command Line    : who → jermaineb
  └── CWD             : /
  └── Metadata        : {
    "ppid": "1",
    "source": "get_logged_in_users",
    "uid": "1000",
    "session_id": "9874841843406958547",
    "login_time": "1756617300",
    "pid": "1610",
    "terminal": "pts/17",
    "username": "jermaineb",
    "timestamp": "1756841098",
    "replay_tag": "user_login",
    "suspicious_tty": "false",
    "host": "localhost",
    "session_age_seconds": "223798",
    "features": "[0.1, 223798.0, 2.0]",
}
📝 Telemetry record: {"ppid": "1", "source": "get_logged_in_users", "uid": "1000", "session_id": "9874841843406958547", "login_time": "1756617300", "pid": "1610", "terminal": "pts/17", "username": "jermaineb", "timestamp": "1756841098", "replay_tag": "user_login", "suspicious_tty": "false", "host": "localhost", "session_age_seconds": "223798", "features": "[0.1, 223798.0, 2.0]"}
[🛡 TrustEvent] Module=Some("user_tracker") | Component=user_tracker | SignalType=Some("auth") | Signal=Some("user_login_detected") | Risk=2.00 | Score=Some(2.0) | Raw=Some(2.0) | Tags=Some(["user", "login", "pts/18", "tty"])
  └── Description     : Some("User 'jermaineb' logged in via terminal 'pts/18' (suspicious: false)")
  └── Anomaly Type    : user_logged_in
  └── Source Module   : user_tracker
  └── Timestamp       : 1756841098
  └── PID/PPID/UID    : 1610/1/1000
  └── Binary          : /usr/bin/who
  └── Command Line    : who → jermaineb
  └── CWD             : /
  └── Metadata        : {
    "terminal": "pts/18",
    "session_id": "8368485130113730750",
    "suspicious_tty": "false",
    "session_age_seconds": "223798",
    "features": "[0.1, 223798.0, 2.0]",
    "uid": "1000",
    "ppid": "1",
    "username": "jermaineb",
    "replay_tag": "user_login",
    "source": "get_logged_in_users",
    "login_time": "1756617300",
    "pid": "1610",
    "timestamp": "1756841098",
    "host": "localhost",
}
📝 Telemetry record: {"terminal": "pts/18", "session_id": "8368485130113730750", "suspicious_tty": "false", "session_age_seconds": "223798", "features": "[0.1, 223798.0, 2.0]", "uid": "1000", "ppid": "1", "username": "jermaineb", "replay_tag": "user_login", "source": "get_logged_in_users", "login_time": "1756617300", "pid": "1610", "timestamp": "1756841098", "host": "localhost"}
[🛡 TrustEvent] Module=Some("user_tracker") | Component=user_tracker | SignalType=Some("auth") | Signal=Some("user_login_detected") | Risk=2.00 | Score=Some(2.0) | Raw=Some(2.0) | Tags=Some(["user", "login", "pts/19", "tty"])
  └── Description     : Some("User 'jermaineb' logged in via terminal 'pts/19' (suspicious: false)")
  └── Anomaly Type    : user_logged_in
  └── Source Module   : user_tracker
  └── Timestamp       : 1756841099
  └── PID/PPID/UID    : 1610/1/1000
  └── Binary          : /usr/bin/who
  └── Command Line    : who → jermaineb
  └── CWD             : /
  └── Metadata        : {
    "host": "localhost",
    "ppid": "1",
    "source": "get_logged_in_users",
    "pid": "1610",
    "terminal": "pts/19",
    "uid": "1000",
    "session_id": "3528967714999047272",
    "session_age_seconds": "223799",
    "suspicious_tty": "false",
    "features": "[0.1, 223799.0, 2.0]",
    "login_time": "1756617300",
    "timestamp": "1756841099",
    "username": "jermaineb",
    "replay_tag": "user_login",
}
📝 Telemetry record: {"host": "localhost", "ppid": "1", "source": "get_logged_in_users", "pid": "1610", "terminal": "pts/19", "uid": "1000", "session_id": "3528967714999047272", "session_age_seconds": "223799", "suspicious_tty": "false", "features": "[0.1, 223799.0, 2.0]", "login_time": "1756617300", "timestamp": "1756841099", "username": "jermaineb", "replay_tag": "user_login"}
