{"seed": "premiere pro", "skipped": "already expanded"}
{"seed": "premiere pro export", "skipped": "already expanded"}
{"seed": "premiere crash", "new_queries": 423, "suggestions_seen": 1132}
{"seed": "davinci resolve", "skipped": "already expanded"}
{"seed": "davinci resolve free", "skipped": "already expanded"}
{"seed": "resolve export", "new_queries": 639, "suggestions_seen": 1131}
{"seed": "video editing capcut", "skipped": "already expanded"}
{"seed": "final cut pro", "skipped": "already expanded"}
{"seed": "video editing kdenlive", "new_queries": 394, "suggestions_seen": 1729}
{"seed": "after effects", "skipped": "already expanded"}
{"seed": "motion graphics", "skipped": "already expanded"}
{"seed": "video editing keyframes", "new_queries": 617, "suggestions_seen": 1497}
{"seed": "export settings youtube", "skipped": "already expanded"}
{"seed": "video editing h264", "skipped": "already expanded"}
{"seed": "video editing h265", "new_queries": 414, "suggestions_seen": 1854}
{"seed": "video editing obs", "skipped": "already expanded"}
{"seed": "obs settings", "skipped": "already expanded"}
{"seed": "twitch stream", "new_queries": 1348, "suggestions_seen": 1837}
{"seed": "video editing subtitles", "skipped": "already expanded"}
{"seed": "video editing captions", "skipped": "already expanded"}
{"seed": "remove background noise", "new_queries": 900, "suggestions_seen": 1934}
