{"seed": "unity", "skipped": "already expanded"}
{"seed": "unity navmesh", "skipped": "already expanded"}
{"seed": "unity animator", "skipped": "already expanded"}
{"seed": "unreal engine", "skipped": "already expanded"}
{"seed": "unreal engine blueprints", "skipped": "already expanded"}
{"seed": "unreal nanite", "new_queries": 391, "suggestions_seen": 939}
{"seed": "godot", "skipped": "already expanded"}
{"seed": "godot gdscript", "skipped": "already expanded"}
{"seed": "godot export", "new_queries": 644, "suggestions_seen": 1270}
{"seed": "game maker", "skipped": "already expanded"}
{"seed": "roblox studio", "skipped": "already expanded"}
{"seed": "game dev love2d", "new_queries": 401, "suggestions_seen": 946}
{"seed": "game asset", "skipped": "already expanded"}
{"seed": "sprite sheet", "skipped": "already expanded"}
{"seed": "game dev tileset", "new_queries": 401, "suggestions_seen": 953}
{"seed": "steam page", "skipped": "already expanded"}
{"seed": "game dev steamworks", "skipped": "already expanded"}
{"seed": "itch.io upload", "new_queries": 530, "suggestions_seen": 934}
{"seed": "game dev pathfinding", "skipped": "already expanded"}
{"seed": "procedural generation", "skipped": "already expanded"}
{"seed": "game ai", "new_queries": 1178, "suggestions_seen": 1587}
