done software_dev_mobile
done game_development
done software_dev_ops
done software_dev_web
done gaming_pc
done tabletop_hobby_games
done cybersecurity
done gaming_titles
done data_ai
done it_support
done pc_building
done consumer_tech
done video_editing
done photography
done graphic_design
done three_d_animation
done three_d_printing
done playing_music
done audio_music_production
done motorcycles_powersports
done automotive
done home_repair
done diy_woodworking
done gardening
done appliances
done electronics_makers
done language_learning
done education_study
done careers_jobs
done small_business
done personal_finance
done writing_publishing
done productivity_office
done pets
done sports_outdoors
done cooking_baking
done fitness_health
done fashion_beauty
done shopping_products
done travel
done crafts_sewing
done collecting_antiques
done reading_media
done parenting_family
done relationships_social
done energy_sustainability
done real_estate_housing
done legal_government
done science_hobby
done vehicles_other
done healthcare_professional
done logistics_operations
done engineering_professional
done agriculture_farming
done events_seasonal
done accessibility_assistive
done spirituality_wellbeing
done retro_computing_emulation
done local_services
done transport_commuting
